  BankProjectOOP.cpp
E:\Projects\repos\repos\BankProjectOOP\BankProjectOOP\clsString.h(39,25): warning C4267: 'return': conversion from 'size_t' to 'short', possible loss of data
  (compiling source file 'BankProjectOOP.cpp')
  
E:\Projects\repos\repos\BankProjectOOP\BankProjectOOP\clsString.h(44,29): warning C4267: 'return': conversion from 'size_t' to 'short', possible loss of data
  (compiling source file 'BankProjectOOP.cpp')
  
E:\Projects\repos\repos\BankProjectOOP\BankProjectOOP\clsString.h(56,30): warning C4267: '=': conversion from 'size_t' to 'short', possible loss of data
  (compiling source file 'BankProjectOOP.cpp')
  
E:\Projects\repos\repos\BankProjectOOP\BankProjectOOP\clsString.h(193,29): warning C4267: 'return': conversion from 'size_t' to 'short', possible loss of data
  (compiling source file 'BankProjectOOP.cpp')
  
E:\Projects\repos\repos\BankProjectOOP\BankProjectOOP\clsString.h(324,30): warning C4267: '=': conversion from 'size_t' to 'short', possible loss of data
  (compiling source file 'BankProjectOOP.cpp')
  
E:\Projects\repos\repos\BankProjectOOP\BankProjectOOP\clsString.h(372,22): warning C4267: 'initializing': conversion from 'size_t' to 'short', possible loss of data
  (compiling source file 'BankProjectOOP.cpp')
  
E:\Projects\repos\repos\BankProjectOOP\BankProjectOOP\clsUtil.h(64,5): warning C4102: 'defualt': unreferenced label
  (compiling source file 'BankProjectOOP.cpp')
  
E:\Projects\repos\repos\BankProjectOOP\BankProjectOOP\clsUser.h(198,12): warning C4240: nonstandard extension used: access to 'clsUser::stLoginRegisterRecord' now defined to be 'public', previously it was defined to be 'private'
  (compiling source file 'BankProjectOOP.cpp')
      E:\Projects\repos\repos\BankProjectOOP\BankProjectOOP\clsUser.h(26,12):
      see declaration of 'clsUser::stLoginRegisterRecord'
  
E:\Projects\repos\repos\BankProjectOOP\BankProjectOOP\clsInputValidate.h(98,16): warning C4244: 'initializing': conversion from 'double' to 'float', possible loss of data
  (compiling source file 'BankProjectOOP.cpp')
  
E:\Projects\repos\repos\BankProjectOOP\BankProjectOOP\clsInputValidate.h(102,26): warning C4244: '=': conversion from 'double' to 'float', possible loss of data
  (compiling source file 'BankProjectOOP.cpp')
  
E:\Projects\repos\repos\BankProjectOOP\BankProjectOOP\clsBankClient.h(206,12): warning C4240: nonstandard extension used: access to 'clsBankClient::stTrnsferLogRecord' now defined to be 'public', previously it was defined to be 'private'
  (compiling source file 'BankProjectOOP.cpp')
      E:\Projects\repos\repos\BankProjectOOP\BankProjectOOP\clsBankClient.h(152,12):
      see declaration of 'clsBankClient::stTrnsferLogRecord'
  
E:\Projects\repos\repos\BankProjectOOP\BankProjectOOP\clsBankClient.h(28,65): warning C4244: 'argument': conversion from 'double' to 'float', possible loss of data
  (compiling source file 'BankProjectOOP.cpp')
  
E:\Projects\repos\repos\BankProjectOOP\BankProjectOOP\clsBankClient.h(162,39): warning C4244: '=': conversion from 'double' to 'float', possible loss of data
  (compiling source file 'BankProjectOOP.cpp')
  
E:\Projects\repos\repos\BankProjectOOP\BankProjectOOP\clsBankClient.h(163,48): warning C4244: '=': conversion from 'double' to 'float', possible loss of data
  (compiling source file 'BankProjectOOP.cpp')
  
E:\Projects\repos\repos\BankProjectOOP\BankProjectOOP\clsBankClient.h(164,49): warning C4244: '=': conversion from 'double' to 'float', possible loss of data
  (compiling source file 'BankProjectOOP.cpp')
  
E:\Projects\repos\repos\BankProjectOOP\BankProjectOOP\clsBankClient.h(421,28): warning C4244: '+=': conversion from 'double' to 'float', possible loss of data
  (compiling source file 'BankProjectOOP.cpp')
  
E:\Projects\repos\repos\BankProjectOOP\BankProjectOOP\clsBankClient.h(434,32): warning C4244: '-=': conversion from 'double' to 'float', possible loss of data
  (compiling source file 'BankProjectOOP.cpp')
  
E:\Projects\repos\repos\BankProjectOOP\BankProjectOOP\clsAddNewClientScreen.h(30,66): warning C4244: 'argument': conversion from 'double' to 'float', possible loss of data
  (compiling source file 'BankProjectOOP.cpp')
  
E:\Projects\repos\repos\BankProjectOOP\BankProjectOOP\clsUpdateClientScreen.h(47,66): warning C4244: 'argument': conversion from 'double' to 'float', possible loss of data
  (compiling source file 'BankProjectOOP.cpp')
  
E:\Projects\repos\repos\BankProjectOOP\BankProjectOOP\clsTotalBalancesScreen.h(57,82): warning C4244: 'argument': conversion from 'double' to 'int', possible loss of data
  (compiling source file 'BankProjectOOP.cpp')
  
E:\Projects\repos\repos\BankProjectOOP\BankProjectOOP\clsTransferScreen.h(42,51): warning C4244: '=': conversion from 'double' to 'float', possible loss of data
  (compiling source file 'BankProjectOOP.cpp')
  
E:\Projects\repos\repos\BankProjectOOP\BankProjectOOP\clsTransferScreen.h(47,53): warning C4244: '=': conversion from 'double' to 'float', possible loss of data
  (compiling source file 'BankProjectOOP.cpp')
  
E:\Projects\repos\repos\BankProjectOOP\clsCurrency.h(27,17): warning C4244: 'argument': conversion from 'double' to 'float', possible loss of data
  (compiling source file 'BankProjectOOP.cpp')
  
E:\Projects\repos\repos\BankProjectOOP\BankProjectOOP\clsUpdateCurrencyScreen.h(17,52): warning C4244: '=': conversion from 'double' to 'float', possible loss of data
  (compiling source file 'BankProjectOOP.cpp')
  
E:\Projects\repos\repos\BankProjectOOP\BankProjectOOP\clsCalculatorCurrencyScreen.h(17,51): warning C4244: '=': conversion from 'double' to 'float', possible loss of data
  (compiling source file 'BankProjectOOP.cpp')
  
E:\Projects\repos\repos\BankProjectOOP\BankProjectOOP\clsBankClient.h(376,1): warning C4715: 'clsBankClient::Save': not all control paths return a value
E:\Projects\repos\repos\BankProjectOOP\BankProjectOOP\clsBankClient.h(438,1): warning C4715: 'clsBankClient::Withdraw': not all control paths return a value
E:\Projects\repos\repos\BankProjectOOP\BankProjectOOP\clsUser.h(356,1): warning C4715: 'clsUser::Save': not all control paths return a value
  BankProjectOOP.vcxproj -> E:\Projects\repos\repos\BankProjectOOP\x64\Debug\BankProjectOOP.exe
